// Jest Snapshot v1, https://goo.gl/fbAQLP

exports[`<CartContainer/> should not render the cart container when getShoppingCart returns null 1`] = `<div />`;

exports[`<CartContainer/> should render the cart container correctly when getShoppingCart call returns data 1`] = `
<div>
  <form
    class="cartWrapper"
    id="cartWrapper"
  >
    <div
      class="productWrapper"
    >
      <div
        class="productRow"
        data-testid="productRow"
      >
        <p
          class="productTitle"
          data-testid="productTitle_0"
        >
          Mountain Dew
        </p>
        <div
          class="productNumbers"
        >
          <input
            aria-labelledby="quantityInput_0"
            data-testid="quantityInput_0"
            max="99"
            min="0"
            name="1"
            type="number"
            value="1"
          />
          <p
            class="singleProductTotals"
            data-testid="productTotals_0"
          >
            $1.80
          </p>
        </div>
      </div>
      <div
        class="productRow"
        data-testid="productRow"
      >
        <p
          class="productTitle"
          data-testid="productTitle_1"
        >
          Desperados
        </p>
        <div
          class="productNumbers"
        >
          <input
            aria-labelledby="quantityInput_1"
            data-testid="quantityInput_1"
            max="99"
            min="0"
            name="2"
            type="number"
            value="1"
          />
          <p
            class="singleProductTotals"
            data-testid="productTotals_1"
          >
            $3.10
          </p>
        </div>
      </div>
      <div
        class="productRow"
        data-testid="productRow"
      >
        <p
          class="productTitle"
          data-testid="productTitle_2"
        >
          Jack Daniels
        </p>
        <div
          class="productNumbers"
        >
          <input
            aria-labelledby="quantityInput_2"
            data-testid="quantityInput_2"
            max="99"
            min="0"
            name="3"
            type="number"
            value="1"
          />
          <p
            class="singleProductTotals"
            data-testid="productTotals_2"
          >
            $3.35
          </p>
        </div>
      </div>
    </div>
    <div
      class="actionWrapper"
    >
      <h2
        class="cartSubTotal"
        data-testid="cartSubTotal"
      >
        $8.25
      </h2>
      <div
        class="buttonWrapper"
      >
        <button
          class="buttonClear"
          data-testid="buttonClear"
        >
          Clear
        </button>
        <button
          class="buttonCheckout"
          data-testid="buttonCheckout"
          type="submit"
        >
          Check Out
        </button>
      </div>
    </div>
  </form>
</div>
`;
